experiment_start=2026-05-16T19:25:35-06:00
output_dir=results/rate_1200_scapy_mit_on_20260516_192535
attack_method=scapy
mitigation=on
[2026-05-16 19:25:35] [INFO] Starting run with PID=19807 duration=90 attack_delay=15
{
  "result": "success",
  "message": "counters and states reset"
}
{
  "result": "success",
  "message": "trust state cleared"
}
{
  "result": "success",
  "message": "mitigation ended",
  "manual_mitigation": false,
  "attack_detected": false,
  "mitigation_start_time": null,
  "trusted_sources": []
}
[2026-05-16 19:25:35] [INFO] Controller reset/config endpoints attempted
{
  "result": "success",
  "mitigation_enabled": true,
  "mitigation_active": false,
  "manual_mitigation": false,
  "attack_detected": false
}
{
  "result": "success",
  "message": "Packet-In threshold updated to 100"
}
[2026-05-16 19:25:35] [INFO] Metrics collection phase starting
[2026-05-16 19:25:35] [INFO] Started remote iperf server helper pid=19825
[2026-05-16 19:25:36] [INFO] Started collector pid=19831
valid_flows_started mode=both target=10.10.10.3
[2026-05-16 19:25:37] [INFO] Valid traffic launched (mode=both)
[2026-05-16 19:25:52] [INFO] attack_delay progress 15/15s
[2026-05-16 19:25:52] [INFO] Attack delay phase completed
attack_pid=19868 method=scapy
[2026-05-16 19:26:09] [INFO] attack_window progress 15/45s
[2026-05-16 19:26:24] [INFO] attack_window progress 30/45s
[2026-05-16 19:26:39] [INFO] attack_window progress 45/45s
[2026-05-16 19:27:11] [INFO] Collector wait completed
cleanup_done
experiment_end=2026-05-16T19:27:12-06:00
[2026-05-16 19:27:12] [INFO] Run completed successfully
