experiment_start=2026-05-16T22:34:02-06:00
output_dir=results/rate_3200_scapy_mit_on_20260516_223402
attack_method=scapy
mitigation=on
[2026-05-16 22:34:02] [INFO] Starting run with PID=27030 duration=90 attack_delay=15
{
  "result": "success",
  "message": "counters and states reset"
}
{
  "result": "success",
  "message": "trust state cleared"
}
{
  "result": "success",
  "message": "mitigation ended",
  "manual_mitigation": false,
  "attack_detected": false,
  "mitigation_start_time": null,
  "trusted_sources": []
}
[2026-05-16 22:34:02] [INFO] Controller reset/config endpoints attempted
{
  "result": "success",
  "mitigation_enabled": true,
  "mitigation_active": false,
  "manual_mitigation": false,
  "attack_detected": false
}
{
  "result": "success",
  "message": "Packet-In threshold updated to 300"
}
[2026-05-16 22:34:02] [INFO] Metrics collection phase starting
[2026-05-16 22:34:02] [INFO] Started remote iperf server helper pid=27049
[2026-05-16 22:34:03] [INFO] Started collector pid=27055
valid_flows_started mode=both target=10.10.10.3
[2026-05-16 22:34:04] [INFO] Valid traffic launched (mode=both)
[2026-05-16 22:34:19] [INFO] attack_delay progress 15/15s
[2026-05-16 22:34:19] [INFO] Attack delay phase completed
attack_pid=27096 method=scapy
[2026-05-16 22:34:36] [INFO] attack_window progress 15/45s
[2026-05-16 22:34:51] [INFO] attack_window progress 30/45s
[2026-05-16 22:35:06] [INFO] attack_window progress 45/45s
[2026-05-16 22:35:38] [INFO] Collector wait completed
cleanup_done
experiment_end=2026-05-16T22:35:39-06:00
[2026-05-16 22:35:39] [INFO] Run completed successfully
