experiment_start=2026-05-16T19:32:06-06:00
output_dir=results/rate_10000_scapy_mit_on_20260516_193206
attack_method=scapy
mitigation=on
[2026-05-16 19:32:06] [INFO] Starting run with PID=20453 duration=90 attack_delay=15
{
  "result": "success",
  "message": "counters and states reset"
}
{
  "result": "success",
  "message": "trust state cleared"
}
{
  "result": "success",
  "message": "mitigation ended",
  "manual_mitigation": false,
  "attack_detected": false,
  "mitigation_start_time": null,
  "trusted_sources": []
}
[2026-05-16 19:32:06] [INFO] Controller reset/config endpoints attempted
{
  "result": "success",
  "mitigation_enabled": true,
  "mitigation_active": false,
  "manual_mitigation": false,
  "attack_detected": false
}
{
  "result": "success",
  "message": "Packet-In threshold updated to 100"
}
[2026-05-16 19:32:06] [INFO] Metrics collection phase starting
[2026-05-16 19:32:06] [INFO] Started remote iperf server helper pid=20471
[2026-05-16 19:32:07] [INFO] Started collector pid=20477
valid_flows_started mode=both target=10.10.10.3
[2026-05-16 19:32:08] [INFO] Valid traffic launched (mode=both)
[2026-05-16 19:32:23] [INFO] attack_delay progress 15/15s
[2026-05-16 19:32:23] [INFO] Attack delay phase completed
attack_pid=20513 method=scapy
[2026-05-16 19:32:40] [INFO] attack_window progress 15/45s
[2026-05-16 19:32:55] [INFO] attack_window progress 30/45s
[2026-05-16 19:33:10] [INFO] attack_window progress 45/45s
[2026-05-16 19:33:43] [INFO] Collector wait completed
cleanup_done
experiment_end=2026-05-16T19:33:43-06:00
[2026-05-16 19:33:43] [INFO] Run completed successfully
