experiment_start=2026-05-16T22:32:24-06:00
output_dir=results/rate_1600_scapy_mit_on_20260516_223224
attack_method=scapy
mitigation=on
[2026-05-16 22:32:24] [INFO] Starting run with PID=26856 duration=90 attack_delay=15
{
  "result": "success",
  "message": "counters and states reset"
}
{
  "result": "success",
  "message": "trust state cleared"
}
{
  "result": "success",
  "message": "mitigation ended",
  "manual_mitigation": false,
  "attack_detected": false,
  "mitigation_start_time": null,
  "trusted_sources": []
}
[2026-05-16 22:32:24] [INFO] Controller reset/config endpoints attempted
{
  "result": "success",
  "mitigation_enabled": true,
  "mitigation_active": false,
  "manual_mitigation": false,
  "attack_detected": false
}
{
  "result": "success",
  "message": "Packet-In threshold updated to 300"
}
[2026-05-16 22:32:24] [INFO] Metrics collection phase starting
[2026-05-16 22:32:24] [INFO] Started remote iperf server helper pid=26875
[2026-05-16 22:32:25] [INFO] Started collector pid=26883
valid_flows_started mode=both target=10.10.10.3
[2026-05-16 22:32:26] [INFO] Valid traffic launched (mode=both)
[2026-05-16 22:32:41] [INFO] attack_delay progress 15/15s
[2026-05-16 22:32:41] [INFO] Attack delay phase completed
attack_pid=26924 method=scapy
[2026-05-16 22:32:58] [INFO] attack_window progress 15/45s
[2026-05-16 22:33:13] [INFO] attack_window progress 30/45s
[2026-05-16 22:33:28] [INFO] attack_window progress 45/45s
[2026-05-16 22:34:00] [INFO] Collector wait completed
cleanup_done
experiment_end=2026-05-16T22:34:01-06:00
[2026-05-16 22:34:01] [INFO] Run completed successfully
