[WARN] SSH client does not support StrictHostKeyChecking=accept-new; falling back to StrictHostKeyChecking=no
node-0.viliang-305821.sdndockerlab-pg0.apt.emulab.net
node-1.viliang-305821.sdndockerlab-pg0.apt.emulab.net
node-2.viliang-305821.sdndockerlab-pg0.apt.emulab.net
[2026-05-16 22:04:51] [INFO] Verifying controller API at http://127.0.0.1:8080
[2026-05-16 22:04:51] [INFO] OpenFlow switches connected: 4
[2026-05-16 22:04:51] [INFO] Ensuring packetin_attack.py exists on attacker
[2026-05-16 22:04:52] [WARN] Baseline skipped and no threshold override provided; using fallback threshold=300
[2026-05-16 22:04:52] [INFO] Resetting controller state (mode=off)
[2026-05-16 22:04:52] [INFO] Running saturation finder

Saturation Finder
================
Target: 10.10.10.3
Attack method: scapy
Rates to test: [100, 200, 400, 800, 1600, 3200] pps
Step duration: 25s
RTT saturation threshold: 50.0ms
Packet loss saturation threshold: 5.0%

Mitigation mode set to off (success)
Testing 100 pps...
  Starting attack at 100 pps for 25s...
  Running ping for RTT measurement...
  Avg RTT: 1.18ms  Packet loss: 0.0%
Testing 200 pps...
  Starting attack at 200 pps for 25s...
  Running ping for RTT measurement...
  Avg RTT: 1.08ms  Packet loss: 0.0%
Testing 400 pps...
  Starting attack at 400 pps for 25s...
  Running ping for RTT measurement...
  Avg RTT: 1.09ms  Packet loss: 0.0%
Testing 800 pps...
  Starting attack at 800 pps for 25s...
  Running ping for RTT measurement...
  Avg RTT: 1.04ms  Packet loss: 0.0%
Testing 1600 pps...
  Starting attack at 1600 pps for 25s...
  Running ping for RTT measurement...
  Avg RTT: 1.1ms  Packet loss: 0.0%
Testing 3200 pps...
  Starting attack at 3200 pps for 25s...
  Running ping for RTT measurement...
  Avg RTT: 1.12ms  Packet loss: 0.0%

=== Saturation Report ===
No saturation detected
Safe maximum rate: 3200 pps
Report saved: /users/viliang/Self_Healing_SDN_Controller/results/saturation_analysis/saturation_report.json

[2026-05-16 22:07:52] [INFO] Running threshold tuning baseline (quiet period expected: about 90s)
[2026-05-16 22:07:52] [INFO] baseline_no_attack attempt=1 iperf=on
[2026-05-16 22:07:52] [INFO] Resetting controller state (mode=on)
[2026-05-16 22:07:52] [run_experiment:baseline_no_attack] [INFO] Starting run with PID=24941 duration=90 attack_delay=15
[2026-05-16 22:07:52] [run_experiment:baseline_no_attack] [INFO] Controller reset/config endpoints attempted
[2026-05-16 22:07:52] [run_experiment:baseline_no_attack] [INFO] Metrics collection phase starting
[2026-05-16 22:07:52] [run_experiment:baseline_no_attack] [INFO] Started remote iperf server helper pid=24960
[2026-05-16 22:07:53] [run_experiment:baseline_no_attack] [INFO] Started collector pid=24966
[2026-05-16 22:07:54] [run_experiment:baseline_no_attack] [INFO] Valid traffic launched (mode=both)
[2026-05-16 22:08:09] [run_experiment:baseline_no_attack] [INFO] attack_delay progress 15/15s
[2026-05-16 22:08:09] [run_experiment:baseline_no_attack] [INFO] Attack delay phase completed
[2026-05-16 22:08:09] [run_experiment:baseline_no_attack] [INFO] No attack launched; sleeping attack window ATTACK_DURATION=0
