[WARN] SSH client does not support StrictHostKeyChecking=accept-new; falling back to StrictHostKeyChecking=no
node-0.viliang-305821.sdndockerlab-pg0.apt.emulab.net
node-1.viliang-305821.sdndockerlab-pg0.apt.emulab.net
node-2.viliang-305821.sdndockerlab-pg0.apt.emulab.net
[2026-05-16 22:17:53] [INFO] Verifying controller API at http://127.0.0.1:8080
[2026-05-16 22:17:53] [INFO] OpenFlow switches connected: 4
[2026-05-16 22:17:53] [INFO] Ensuring packetin_attack.py exists on attacker
[2026-05-16 22:17:54] [WARN] Baseline skipped and no threshold override provided; using fallback threshold=300
[2026-05-16 22:17:54] [INFO] Running threshold tuning baseline (quiet period expected: about 90s)
[2026-05-16 22:17:54] [INFO] baseline_no_attack attempt=1 iperf=on
[2026-05-16 22:17:54] [INFO] Resetting controller state (mode=on)
[2026-05-16 22:17:55] [run_experiment:baseline_no_attack] [INFO] Starting run with PID=25096 duration=90 attack_delay=15
[2026-05-16 22:17:55] [run_experiment:baseline_no_attack] [INFO] Controller reset/config endpoints attempted
[2026-05-16 22:17:55] [run_experiment:baseline_no_attack] [INFO] Metrics collection phase starting
[2026-05-16 22:17:55] [run_experiment:baseline_no_attack] [INFO] Started remote iperf server helper pid=25115
[2026-05-16 22:17:56] [run_experiment:baseline_no_attack] [INFO] Started collector pid=25121
[2026-05-16 22:17:57] [run_experiment:baseline_no_attack] [INFO] Valid traffic launched (mode=both)
[2026-05-16 22:18:12] [run_experiment:baseline_no_attack] [INFO] attack_delay progress 15/15s
[2026-05-16 22:18:12] [run_experiment:baseline_no_attack] [INFO] Attack delay phase completed
[2026-05-16 22:18:12] [run_experiment:baseline_no_attack] [INFO] No attack launched; sleeping attack window ATTACK_DURATION=0
