[WARN] SSH client does not support StrictHostKeyChecking=accept-new; falling back to StrictHostKeyChecking=no
node-0.viliang-305821.sdndockerlab-pg0.apt.emulab.net
node-1.viliang-305821.sdndockerlab-pg0.apt.emulab.net
node-2.viliang-305821.sdndockerlab-pg0.apt.emulab.net
[2026-05-16 20:09:32] [INFO] Verifying controller API at http://127.0.0.1:8080
[2026-05-16 20:09:33] [INFO] OpenFlow switches connected: 4
[2026-05-16 20:09:33] [INFO] Ensuring packetin_attack.py exists on attacker
[2026-05-16 20:09:34] [INFO] Resetting controller state (mode=off)
[2026-05-16 20:09:34] [INFO] Running baseline control collection (about 90s)

=== Baseline Summary ===
  Packet-In rate  - mean: 0.0  min: 0.0  max: 0.0  stddev: 0.0
  CPU %           - mean: 0.9221  min: 0.53  max: 0.99  stddev: 0.0617
  False-positive mitigation triggers: 0 / 89 samples
  Suggested threshold (max x3): 0
  Saved: /users/viliang/Self_Healing_SDN_Controller/results/control_normal_traffic/baseline_summary.json

[2026-05-16 20:11:07] [INFO] Derived threshold=0
[2026-05-16 20:11:07] [WARN] Derived threshold (0) is dangerously low; raising to minimum 100
[2026-05-16 20:11:07] [INFO] Resetting controller state (mode=off)
[2026-05-16 20:11:07] [INFO] Running saturation finder
ERROR: --rates must be comma-separated integers
[2026-05-16 20:11:08] [WARN] Saturation finder failed; continuing (non-fatal)
[2026-05-16 20:11:08] [INFO] Running threshold tuning baseline (quiet period expected: about 90s)
[2026-05-16 20:11:08] [INFO] baseline_no_attack attempt=1 iperf=on
[2026-05-16 20:11:08] [INFO] Resetting controller state (mode=on)
[2026-05-16 20:11:08] [run_experiment:baseline_no_attack] [INFO] Starting run with PID=21395 duration=90 attack_delay=15
[2026-05-16 20:11:08] [run_experiment:baseline_no_attack] [INFO] Controller reset/config endpoints attempted
[2026-05-16 20:11:08] [run_experiment:baseline_no_attack] [INFO] Metrics collection phase starting
[2026-05-16 20:11:08] [run_experiment:baseline_no_attack] [INFO] Started remote iperf server helper pid=21413
[2026-05-16 20:11:09] [run_experiment:baseline_no_attack] [INFO] Started collector pid=21419
[2026-05-16 20:11:10] [run_experiment:baseline_no_attack] [INFO] Valid traffic launched (mode=both)
[2026-05-16 20:11:25] [run_experiment:baseline_no_attack] [INFO] attack_delay progress 15/15s
[2026-05-16 20:11:25] [run_experiment:baseline_no_attack] [INFO] Attack delay phase completed
[2026-05-16 20:11:25] [run_experiment:baseline_no_attack] [INFO] No attack launched; sleeping attack window ATTACK_DURATION=0
[2026-05-16 20:12:44] [run_experiment:baseline_no_attack] [INFO] Collector wait completed
[2026-05-16 20:12:45] [run_experiment:baseline_no_attack] [INFO] Run completed successfully
done: results/baseline_no_attack_20260516_201108
[2026-05-16 20:12:45] [INFO] Completed threshold tuning baseline
[2026-05-16 20:12:45] [INFO] Running core comparison suite
[2026-05-16 20:12:45] [INFO] Starting run: scapy_attack_mit_off (duration 90s)
[2026-05-16 20:12:45] [INFO] Resetting controller state (mode=off)
[2026-05-16 20:12:45] [run_experiment:scapy_attack_mit_off] [INFO] Starting run with PID=21541 duration=90 attack_delay=15
[2026-05-16 20:12:46] [run_experiment:scapy_attack_mit_off] [INFO] Controller reset/config endpoints attempted
[2026-05-16 20:12:46] [run_experiment:scapy_attack_mit_off] [INFO] Metrics collection phase starting
[2026-05-16 20:12:46] [run_experiment:scapy_attack_mit_off] [INFO] Started remote iperf server helper pid=21559
[2026-05-16 20:12:47] [run_experiment:scapy_attack_mit_off] [INFO] Started collector pid=21565
[2026-05-16 20:12:47] [run_experiment:scapy_attack_mit_off] [INFO] Valid traffic launched (mode=both)
[2026-05-16 20:13:02] [run_experiment:scapy_attack_mit_off] [INFO] attack_delay progress 15/15s
[2026-05-16 20:13:02] [run_experiment:scapy_attack_mit_off] [INFO] Attack delay phase completed
[2026-05-16 20:13:20] [run_experiment:scapy_attack_mit_off] [INFO] attack_window progress 15/45s
[2026-05-16 20:13:35] [run_experiment:scapy_attack_mit_off] [INFO] attack_window progress 30/45s
[2026-05-16 20:13:50] [run_experiment:scapy_attack_mit_off] [INFO] attack_window progress 45/45s
[2026-05-16 20:14:22] [run_experiment:scapy_attack_mit_off] [INFO] Collector wait completed
[2026-05-16 20:14:23] [run_experiment:scapy_attack_mit_off] [INFO] Run completed successfully
done: results/scapy_attack_mit_off_20260516_201245
[2026-05-16 20:14:23] [INFO] Completed run: scapy_attack_mit_off
[2026-05-16 20:14:23] [INFO] Starting run: scapy_attack_mit_on (duration 90s)
[2026-05-16 20:14:23] [INFO] Resetting controller state (mode=on)
[2026-05-16 20:14:23] [run_experiment:scapy_attack_mit_on] [INFO] Starting run with PID=21708 duration=90 attack_delay=15
[2026-05-16 20:14:24] [run_experiment:scapy_attack_mit_on] [INFO] Controller reset/config endpoints attempted
[2026-05-16 20:14:24] [run_experiment:scapy_attack_mit_on] [INFO] Metrics collection phase starting
[2026-05-16 20:14:24] [run_experiment:scapy_attack_mit_on] [INFO] Started remote iperf server helper pid=21726
[2026-05-16 20:14:25] [run_experiment:scapy_attack_mit_on] [INFO] Started collector pid=21732
[2026-05-16 20:14:25] [run_experiment:scapy_attack_mit_on] [INFO] Valid traffic launched (mode=both)
[2026-05-16 20:14:40] [run_experiment:scapy_attack_mit_on] [INFO] attack_delay progress 15/15s
[2026-05-16 20:14:40] [run_experiment:scapy_attack_mit_on] [INFO] Attack delay phase completed
[2026-05-16 20:14:58] [run_experiment:scapy_attack_mit_on] [INFO] attack_window progress 15/45s
[2026-05-16 20:15:13] [run_experiment:scapy_attack_mit_on] [INFO] attack_window progress 30/45s
[2026-05-16 20:15:28] [run_experiment:scapy_attack_mit_on] [INFO] attack_window progress 45/45s
[2026-05-16 20:16:00] [run_experiment:scapy_attack_mit_on] [INFO] Collector wait completed
[2026-05-16 20:16:01] [run_experiment:scapy_attack_mit_on] [INFO] Run completed successfully
done: results/scapy_attack_mit_on_20260516_201423
[2026-05-16 20:16:01] [INFO] Completed run: scapy_attack_mit_on
[2026-05-16 20:16:01] [INFO] Running scapy rate sweep
[2026-05-16 20:16:01] [INFO] Starting run: rate_600_scapy_mit_on (duration 90s)
[2026-05-16 20:16:01] [INFO] Resetting controller state (mode=on)
[2026-05-16 20:16:01] [run_experiment:rate_600_scapy_mit_on] [INFO] Starting run with PID=21869 duration=90 attack_delay=15
[2026-05-16 20:16:01] [run_experiment:rate_600_scapy_mit_on] [INFO] Controller reset/config endpoints attempted
[2026-05-16 20:16:01] [run_experiment:rate_600_scapy_mit_on] [INFO] Metrics collection phase starting
[2026-05-16 20:16:01] [run_experiment:rate_600_scapy_mit_on] [INFO] Started remote iperf server helper pid=21887
[2026-05-16 20:16:02] [run_experiment:rate_600_scapy_mit_on] [INFO] Started collector pid=21893
[2026-05-16 20:16:03] [run_experiment:rate_600_scapy_mit_on] [INFO] Valid traffic launched (mode=both)
[2026-05-16 20:16:18] [run_experiment:rate_600_scapy_mit_on] [INFO] attack_delay progress 15/15s
[2026-05-16 20:16:18] [run_experiment:rate_600_scapy_mit_on] [INFO] Attack delay phase completed
[2026-05-16 20:16:35] [run_experiment:rate_600_scapy_mit_on] [INFO] attack_window progress 15/45s
[2026-05-16 20:16:50] [run_experiment:rate_600_scapy_mit_on] [INFO] attack_window progress 30/45s
[2026-05-16 20:17:05] [run_experiment:rate_600_scapy_mit_on] [INFO] attack_window progress 45/45s
[2026-05-16 20:17:38] [run_experiment:rate_600_scapy_mit_on] [INFO] Collector wait completed
[2026-05-16 20:17:38] [run_experiment:rate_600_scapy_mit_on] [INFO] Run completed successfully
done: results/rate_600_scapy_mit_on_20260516_201601
[2026-05-16 20:17:39] [INFO] Completed run: rate_600_scapy_mit_on
[2026-05-16 20:17:39] [INFO] Starting run: rate_900_scapy_mit_on (duration 90s)
[2026-05-16 20:17:39] [INFO] Resetting controller state (mode=on)
[2026-05-16 20:17:39] [run_experiment:rate_900_scapy_mit_on] [INFO] Starting run with PID=22029 duration=90 attack_delay=15
[2026-05-16 20:17:39] [run_experiment:rate_900_scapy_mit_on] [INFO] Controller reset/config endpoints attempted
[2026-05-16 20:17:39] [run_experiment:rate_900_scapy_mit_on] [INFO] Metrics collection phase starting
[2026-05-16 20:17:39] [run_experiment:rate_900_scapy_mit_on] [INFO] Started remote iperf server helper pid=22047
[2026-05-16 20:17:40] [run_experiment:rate_900_scapy_mit_on] [INFO] Started collector pid=22053
[2026-05-16 20:17:41] [run_experiment:rate_900_scapy_mit_on] [INFO] Valid traffic launched (mode=both)
[2026-05-16 20:17:56] [run_experiment:rate_900_scapy_mit_on] [INFO] attack_delay progress 15/15s
[2026-05-16 20:17:56] [run_experiment:rate_900_scapy_mit_on] [INFO] Attack delay phase completed
[2026-05-16 20:18:13] [run_experiment:rate_900_scapy_mit_on] [INFO] attack_window progress 15/45s
[2026-05-16 20:18:28] [run_experiment:rate_900_scapy_mit_on] [INFO] attack_window progress 30/45s
[2026-05-16 20:18:43] [run_experiment:rate_900_scapy_mit_on] [INFO] attack_window progress 45/45s
[2026-05-16 20:19:16] [run_experiment:rate_900_scapy_mit_on] [INFO] Collector wait completed
[2026-05-16 20:19:16] [run_experiment:rate_900_scapy_mit_on] [INFO] Run completed successfully
done: results/rate_900_scapy_mit_on_20260516_201739
[2026-05-16 20:19:17] [INFO] Completed run: rate_900_scapy_mit_on
[2026-05-16 20:19:17] [INFO] Starting run: rate_1200_scapy_mit_on (duration 90s)
[2026-05-16 20:19:17] [INFO] Resetting controller state (mode=on)
[2026-05-16 20:19:17] [run_experiment:rate_1200_scapy_mit_on] [INFO] Starting run with PID=22187 duration=90 attack_delay=15
[2026-05-16 20:19:17] [run_experiment:rate_1200_scapy_mit_on] [INFO] Controller reset/config endpoints attempted
[2026-05-16 20:19:17] [run_experiment:rate_1200_scapy_mit_on] [INFO] Metrics collection phase starting
[2026-05-16 20:19:17] [run_experiment:rate_1200_scapy_mit_on] [INFO] Started remote iperf server helper pid=22205
[2026-05-16 20:19:18] [run_experiment:rate_1200_scapy_mit_on] [INFO] Started collector pid=22211
[2026-05-16 20:19:19] [run_experiment:rate_1200_scapy_mit_on] [INFO] Valid traffic launched (mode=both)
[2026-05-16 20:19:34] [run_experiment:rate_1200_scapy_mit_on] [INFO] attack_delay progress 15/15s
[2026-05-16 20:19:34] [run_experiment:rate_1200_scapy_mit_on] [INFO] Attack delay phase completed
[2026-05-16 20:19:51] [run_experiment:rate_1200_scapy_mit_on] [INFO] attack_window progress 15/45s
[2026-05-16 20:20:06] [run_experiment:rate_1200_scapy_mit_on] [INFO] attack_window progress 30/45s
[2026-05-16 20:20:21] [run_experiment:rate_1200_scapy_mit_on] [INFO] attack_window progress 45/45s
[2026-05-16 20:20:54] [run_experiment:rate_1200_scapy_mit_on] [INFO] Collector wait completed
[2026-05-16 20:20:54] [run_experiment:rate_1200_scapy_mit_on] [INFO] Run completed successfully
done: results/rate_1200_scapy_mit_on_20260516_201917
[2026-05-16 20:20:55] [INFO] Completed run: rate_1200_scapy_mit_on
[2026-05-16 20:20:55] [INFO] Starting run: rate_1500_scapy_mit_on (duration 90s)
[2026-05-16 20:20:55] [INFO] Resetting controller state (mode=on)
[2026-05-16 20:20:55] [run_experiment:rate_1500_scapy_mit_on] [INFO] Starting run with PID=22348 duration=90 attack_delay=15
[2026-05-16 20:20:55] [run_experiment:rate_1500_scapy_mit_on] [INFO] Controller reset/config endpoints attempted
[2026-05-16 20:20:55] [run_experiment:rate_1500_scapy_mit_on] [INFO] Metrics collection phase starting
[2026-05-16 20:20:55] [run_experiment:rate_1500_scapy_mit_on] [INFO] Started remote iperf server helper pid=22366
[2026-05-16 20:20:56] [run_experiment:rate_1500_scapy_mit_on] [INFO] Started collector pid=22372
[2026-05-16 20:20:57] [run_experiment:rate_1500_scapy_mit_on] [INFO] Valid traffic launched (mode=both)
[2026-05-16 20:21:12] [run_experiment:rate_1500_scapy_mit_on] [INFO] attack_delay progress 15/15s
[2026-05-16 20:21:12] [run_experiment:rate_1500_scapy_mit_on] [INFO] Attack delay phase completed
[2026-05-16 20:21:29] [run_experiment:rate_1500_scapy_mit_on] [INFO] attack_window progress 15/45s
[2026-05-16 20:21:44] [run_experiment:rate_1500_scapy_mit_on] [INFO] attack_window progress 30/45s
[2026-05-16 20:21:59] [run_experiment:rate_1500_scapy_mit_on] [INFO] attack_window progress 45/45s
[2026-05-16 20:22:31] [run_experiment:rate_1500_scapy_mit_on] [INFO] Collector wait completed
[2026-05-16 20:22:32] [run_experiment:rate_1500_scapy_mit_on] [INFO] Run completed successfully
done: results/rate_1500_scapy_mit_on_20260516_202055
[2026-05-16 20:22:32] [INFO] Completed run: rate_1500_scapy_mit_on
[2026-05-16 20:22:32] [INFO] Starting run: rate_3000_scapy_mit_on (duration 90s)
[2026-05-16 20:22:32] [INFO] Resetting controller state (mode=on)
[2026-05-16 20:22:33] [run_experiment:rate_3000_scapy_mit_on] [INFO] Starting run with PID=22515 duration=90 attack_delay=15
[2026-05-16 20:22:33] [run_experiment:rate_3000_scapy_mit_on] [INFO] Controller reset/config endpoints attempted
[2026-05-16 20:22:33] [run_experiment:rate_3000_scapy_mit_on] [INFO] Metrics collection phase starting
[2026-05-16 20:22:33] [run_experiment:rate_3000_scapy_mit_on] [INFO] Started remote iperf server helper pid=22533
[2026-05-16 20:22:34] [run_experiment:rate_3000_scapy_mit_on] [INFO] Started collector pid=22539
[2026-05-16 20:22:34] [run_experiment:rate_3000_scapy_mit_on] [INFO] Valid traffic launched (mode=both)
[2026-05-16 20:22:49] [run_experiment:rate_3000_scapy_mit_on] [INFO] attack_delay progress 15/15s
[2026-05-16 20:22:49] [run_experiment:rate_3000_scapy_mit_on] [INFO] Attack delay phase completed
[2026-05-16 20:23:07] [run_experiment:rate_3000_scapy_mit_on] [INFO] attack_window progress 15/45s
[2026-05-16 20:23:22] [run_experiment:rate_3000_scapy_mit_on] [INFO] attack_window progress 30/45s
[2026-05-16 20:23:37] [run_experiment:rate_3000_scapy_mit_on] [INFO] attack_window progress 45/45s
[2026-05-16 20:24:09] [run_experiment:rate_3000_scapy_mit_on] [INFO] Collector wait completed
[2026-05-16 20:24:10] [run_experiment:rate_3000_scapy_mit_on] [INFO] Run completed successfully
done: results/rate_3000_scapy_mit_on_20260516_202233
[2026-05-16 20:24:10] [INFO] Completed run: rate_3000_scapy_mit_on
[2026-05-16 20:24:10] [INFO] Starting run: rate_5000_scapy_mit_on (duration 90s)
[2026-05-16 20:24:10] [INFO] Resetting controller state (mode=on)
[2026-05-16 20:24:10] [run_experiment:rate_5000_scapy_mit_on] [INFO] Starting run with PID=22673 duration=90 attack_delay=15
[2026-05-16 20:24:10] [run_experiment:rate_5000_scapy_mit_on] [INFO] Controller reset/config endpoints attempted
[2026-05-16 20:24:10] [run_experiment:rate_5000_scapy_mit_on] [INFO] Metrics collection phase starting
[2026-05-16 20:24:10] [run_experiment:rate_5000_scapy_mit_on] [INFO] Started remote iperf server helper pid=22691
[2026-05-16 20:24:11] [run_experiment:rate_5000_scapy_mit_on] [INFO] Started collector pid=22697
[2026-05-16 20:24:12] [run_experiment:rate_5000_scapy_mit_on] [INFO] Valid traffic launched (mode=both)
[2026-05-16 20:24:27] [run_experiment:rate_5000_scapy_mit_on] [INFO] attack_delay progress 15/15s
[2026-05-16 20:24:27] [run_experiment:rate_5000_scapy_mit_on] [INFO] Attack delay phase completed
[2026-05-16 20:24:44] [run_experiment:rate_5000_scapy_mit_on] [INFO] attack_window progress 15/45s
[2026-05-16 20:24:59] [run_experiment:rate_5000_scapy_mit_on] [INFO] attack_window progress 30/45s
[2026-05-16 20:25:14] [run_experiment:rate_5000_scapy_mit_on] [INFO] attack_window progress 45/45s
[2026-05-16 20:25:47] [run_experiment:rate_5000_scapy_mit_on] [INFO] Collector wait completed
[2026-05-16 20:25:47] [run_experiment:rate_5000_scapy_mit_on] [INFO] Run completed successfully
done: results/rate_5000_scapy_mit_on_20260516_202410
[2026-05-16 20:25:48] [INFO] Completed run: rate_5000_scapy_mit_on
[2026-05-16 20:25:48] [INFO] Starting run: rate_10000_scapy_mit_on (duration 90s)
[2026-05-16 20:25:48] [INFO] Resetting controller state (mode=on)
[2026-05-16 20:25:48] [run_experiment:rate_10000_scapy_mit_on] [INFO] Starting run with PID=22831 duration=90 attack_delay=15
[2026-05-16 20:25:48] [run_experiment:rate_10000_scapy_mit_on] [INFO] Controller reset/config endpoints attempted
[2026-05-16 20:25:48] [run_experiment:rate_10000_scapy_mit_on] [INFO] Metrics collection phase starting
[2026-05-16 20:25:48] [run_experiment:rate_10000_scapy_mit_on] [INFO] Started remote iperf server helper pid=22849
[2026-05-16 20:25:50] [run_experiment:rate_10000_scapy_mit_on] [INFO] Started collector pid=22855
[2026-05-16 20:25:50] [run_experiment:rate_10000_scapy_mit_on] [INFO] Valid traffic launched (mode=both)
[2026-05-16 20:26:05] [run_experiment:rate_10000_scapy_mit_on] [INFO] attack_delay progress 15/15s
[2026-05-16 20:26:05] [run_experiment:rate_10000_scapy_mit_on] [INFO] Attack delay phase completed
[2026-05-16 20:26:22] [run_experiment:rate_10000_scapy_mit_on] [INFO] attack_window progress 15/45s
[2026-05-16 20:26:37] [run_experiment:rate_10000_scapy_mit_on] [INFO] attack_window progress 30/45s
[2026-05-16 20:26:52] [run_experiment:rate_10000_scapy_mit_on] [INFO] attack_window progress 45/45s
[2026-05-16 20:27:25] [run_experiment:rate_10000_scapy_mit_on] [INFO] Collector wait completed
[2026-05-16 20:27:25] [run_experiment:rate_10000_scapy_mit_on] [INFO] Run completed successfully
done: results/rate_10000_scapy_mit_on_20260516_202548
[2026-05-16 20:27:26] [INFO] Completed run: rate_10000_scapy_mit_on
[2026-05-16 20:27:26] [INFO] Running scapy packet size sweep (rate=1200pps sizes=64,256,512)
[2026-05-16 20:27:26] [INFO] Starting run: size_64_scapy_mit_on (duration 90s)
[2026-05-16 20:27:26] [INFO] Resetting controller state (mode=on)
[2026-05-16 20:27:26] [run_experiment:size_64_scapy_mit_on] [INFO] Starting run with PID=22993 duration=90 attack_delay=15
[2026-05-16 20:27:26] [run_experiment:size_64_scapy_mit_on] [INFO] Controller reset/config endpoints attempted
[2026-05-16 20:27:26] [run_experiment:size_64_scapy_mit_on] [INFO] Metrics collection phase starting
[2026-05-16 20:27:26] [run_experiment:size_64_scapy_mit_on] [INFO] Started remote iperf server helper pid=23011
[2026-05-16 20:27:27] [run_experiment:size_64_scapy_mit_on] [INFO] Started collector pid=23017
[2026-05-16 20:27:28] [run_experiment:size_64_scapy_mit_on] [INFO] Valid traffic launched (mode=both)
[2026-05-16 20:27:43] [run_experiment:size_64_scapy_mit_on] [INFO] attack_delay progress 15/15s
[2026-05-16 20:27:43] [run_experiment:size_64_scapy_mit_on] [INFO] Attack delay phase completed
[2026-05-16 20:28:00] [run_experiment:size_64_scapy_mit_on] [INFO] attack_window progress 15/45s
[2026-05-16 20:28:15] [run_experiment:size_64_scapy_mit_on] [INFO] attack_window progress 30/45s
[2026-05-16 20:28:30] [run_experiment:size_64_scapy_mit_on] [INFO] attack_window progress 45/45s
[2026-05-16 20:29:03] [run_experiment:size_64_scapy_mit_on] [INFO] Collector wait completed
[2026-05-16 20:29:03] [run_experiment:size_64_scapy_mit_on] [INFO] Run completed successfully
done: results/size_64_scapy_mit_on_20260516_202726
[2026-05-16 20:29:04] [INFO] Completed run: size_64_scapy_mit_on
[2026-05-16 20:29:04] [INFO] Starting run: size_256_scapy_mit_on (duration 90s)
[2026-05-16 20:29:04] [INFO] Resetting controller state (mode=on)
[2026-05-16 20:29:04] [run_experiment:size_256_scapy_mit_on] [INFO] Starting run with PID=23155 duration=90 attack_delay=15
[2026-05-16 20:29:04] [run_experiment:size_256_scapy_mit_on] [INFO] Controller reset/config endpoints attempted
[2026-05-16 20:29:04] [run_experiment:size_256_scapy_mit_on] [INFO] Metrics collection phase starting
[2026-05-16 20:29:04] [run_experiment:size_256_scapy_mit_on] [INFO] Started remote iperf server helper pid=23173
[2026-05-16 20:29:05] [run_experiment:size_256_scapy_mit_on] [INFO] Started collector pid=23179
[2026-05-16 20:29:06] [run_experiment:size_256_scapy_mit_on] [INFO] Valid traffic launched (mode=both)
[2026-05-16 20:29:21] [run_experiment:size_256_scapy_mit_on] [INFO] attack_delay progress 15/15s
[2026-05-16 20:29:21] [run_experiment:size_256_scapy_mit_on] [INFO] Attack delay phase completed
[2026-05-16 20:29:38] [run_experiment:size_256_scapy_mit_on] [INFO] attack_window progress 15/45s
[2026-05-16 20:29:53] [run_experiment:size_256_scapy_mit_on] [INFO] attack_window progress 30/45s
[2026-05-16 20:30:08] [run_experiment:size_256_scapy_mit_on] [INFO] attack_window progress 45/45s
[2026-05-16 20:30:40] [run_experiment:size_256_scapy_mit_on] [INFO] Collector wait completed
[2026-05-16 20:30:41] [run_experiment:size_256_scapy_mit_on] [INFO] Run completed successfully
done: results/size_256_scapy_mit_on_20260516_202904
[2026-05-16 20:30:42] [INFO] Completed run: size_256_scapy_mit_on
[2026-05-16 20:30:42] [INFO] Starting run: size_512_scapy_mit_on (duration 90s)
[2026-05-16 20:30:42] [INFO] Resetting controller state (mode=on)
[2026-05-16 20:30:42] [run_experiment:size_512_scapy_mit_on] [INFO] Starting run with PID=23318 duration=90 attack_delay=15
[2026-05-16 20:30:42] [run_experiment:size_512_scapy_mit_on] [INFO] Controller reset/config endpoints attempted
[2026-05-16 20:30:42] [run_experiment:size_512_scapy_mit_on] [INFO] Metrics collection phase starting
[2026-05-16 20:30:42] [run_experiment:size_512_scapy_mit_on] [INFO] Started remote iperf server helper pid=23336
[2026-05-16 20:30:43] [run_experiment:size_512_scapy_mit_on] [INFO] Started collector pid=23342
[2026-05-16 20:30:44] [run_experiment:size_512_scapy_mit_on] [INFO] Valid traffic launched (mode=both)
[2026-05-16 20:30:59] [run_experiment:size_512_scapy_mit_on] [INFO] attack_delay progress 15/15s
[2026-05-16 20:30:59] [run_experiment:size_512_scapy_mit_on] [INFO] Attack delay phase completed
[2026-05-16 20:31:16] [run_experiment:size_512_scapy_mit_on] [INFO] attack_window progress 15/45s
[2026-05-16 20:31:31] [run_experiment:size_512_scapy_mit_on] [INFO] attack_window progress 30/45s
[2026-05-16 20:31:46] [run_experiment:size_512_scapy_mit_on] [INFO] attack_window progress 45/45s
[2026-05-16 20:32:18] [run_experiment:size_512_scapy_mit_on] [INFO] Collector wait completed
[2026-05-16 20:32:19] [run_experiment:size_512_scapy_mit_on] [INFO] Run completed successfully
done: results/size_512_scapy_mit_on_20260516_203042
[2026-05-16 20:32:20] [INFO] Completed run: size_512_scapy_mit_on
[2026-05-16 20:32:20] [INFO] Generating per-run plots
[WARN] matplotlib not available; wrote derived CSVs only
[WARN] matplotlib not available; wrote derived CSVs only
[WARN] matplotlib not available; wrote derived CSVs only
[WARN] matplotlib not available; wrote derived CSVs only
[WARN] matplotlib not available; wrote derived CSVs only
[WARN] matplotlib not available; wrote derived CSVs only
[WARN] matplotlib not available; wrote derived CSVs only
[WARN] matplotlib not available; wrote derived CSVs only
[WARN] matplotlib not available; wrote derived CSVs only
[WARN] matplotlib not available; wrote derived CSVs only
[WARN] matplotlib not available; wrote derived CSVs only
[WARN] matplotlib not available; wrote derived CSVs only
[WARN] matplotlib not available; wrote derived CSVs only
[2026-05-16 20:32:21] [INFO] Generating cross-run summary
[WARN] matplotlib not available; cross-run plots will be skipped
/users/viliang/Self_Healing_SDN_Controller/results/summary/cross_run_summary.csv
[WARN] matplotlib is unavailable; wrote SVG fallback: /users/viliang/Self_Healing_SDN_Controller/results/summary/rate_sweep_existing_trusted_rtt.svg
/users/viliang/Self_Healing_SDN_Controller/results/summary/rate_sweep_existing_trusted_rtt.svg
/users/viliang/Self_Healing_SDN_Controller/results/summary/rate_sweep_existing_trusted_rtt_degree1.svg
/users/viliang/Self_Healing_SDN_Controller/results/summary/rate_sweep_existing_trusted_rtt_degree2.svg
/users/viliang/Self_Healing_SDN_Controller/results/summary/rate_sweep_existing_trusted_rtt_degree3.svg
/users/viliang/Self_Healing_SDN_Controller/results/summary/rate_sweep_existing_trusted_rtt_degree4.svg
/users/viliang/Self_Healing_SDN_Controller/results/summary/rate_sweep_existing_trusted_rtt_degree6.svg
/users/viliang/Self_Healing_SDN_Controller/results/summary/rate_sweep_existing_trusted_rtt_degree40.svg
/users/viliang/Self_Healing_SDN_Controller/results/summary/rate_sweep_existing_trusted_rtt_degree50.svg
/users/viliang/Self_Healing_SDN_Controller/results/summary/rate_sweep_existing_trusted_rtt_degree60.svg
/users/viliang/Self_Healing_SDN_Controller/results/summary/rate_sweep_existing_trusted_rtt_degree70.svg
/users/viliang/Self_Healing_SDN_Controller/results/summary/rate_sweep_existing_trusted_rtt_degree80.svg
/users/viliang/Self_Healing_SDN_Controller/results/summary/rate_sweep_existing_trusted_rtt.csv
[2026-05-16 20:32:28] [DONE] Full experiment suite complete
[2026-05-16 20:32:28] [DONE] Results directory: /users/viliang/Self_Healing_SDN_Controller/results
FINAL_RESULT=success
