[WARN] SSH client does not support StrictHostKeyChecking=accept-new; falling back to StrictHostKeyChecking=no
node-0.viliang-305821.sdndockerlab-pg0.apt.emulab.net
node-1.viliang-305821.sdndockerlab-pg0.apt.emulab.net
node-2.viliang-305821.sdndockerlab-pg0.apt.emulab.net
[2026-05-16 06:37:23] [INFO] Verifying controller API at http://128.110.97.128:8080
[2026-05-16 06:37:23] [INFO] OpenFlow switches connected: 4
[2026-05-16 06:37:23] [INFO] Ensuring packetin_attack.py exists on attacker
[2026-05-16 06:37:25] [INFO] Resetting controller state (mode=off)
[2026-05-16 06:37:25] [INFO] Running baseline control collection (about 90s)

=== Baseline Summary ===
  Packet-In rate  - mean: 0.0  min: 0.0  max: 0.0  stddev: 0.0
  CPU %           - mean: 0.9362  min: 0.23  max: 1.07  stddev: 0.1078
  False-positive mitigation triggers: 0 / 89 samples
  Suggested threshold (max x3): 0
  Saved: /users/viliang/Self_Healing_SDN_Controller/results/control_normal_traffic/baseline_summary.json

[2026-05-16 06:38:57] [INFO] Derived threshold=0
[2026-05-16 06:38:57] [WARN] Derived threshold (0) is dangerously low; raising to minimum 100
[2026-05-16 06:38:57] [INFO] Running threshold tuning baseline (quiet period expected: about 75s)
[2026-05-16 06:38:57] [INFO] baseline_no_attack attempt=1 iperf=on
[2026-05-16 06:38:57] [INFO] Resetting controller state (mode=on)
[2026-05-16 06:38:58] [run_experiment:baseline_no_attack] [INFO] Starting run with PID=30423 duration=75 attack_delay=15
[2026-05-16 06:38:58] [run_experiment:baseline_no_attack] [INFO] Controller reset/config endpoints attempted
[2026-05-16 06:38:58] [run_experiment:baseline_no_attack] [INFO] Metrics collection phase starting
[2026-05-16 06:38:58] [run_experiment:baseline_no_attack] [INFO] Started remote iperf server helper pid=30441
[2026-05-16 06:38:59] [run_experiment:baseline_no_attack] [INFO] Started collector pid=30447
[2026-05-16 06:39:00] [run_experiment:baseline_no_attack] [INFO] Valid traffic launched (mode=both)
[2026-05-16 06:39:15] [run_experiment:baseline_no_attack] [INFO] attack_delay progress 15/15s
[2026-05-16 06:39:15] [run_experiment:baseline_no_attack] [INFO] Attack delay phase completed
[2026-05-16 06:39:15] [run_experiment:baseline_no_attack] [INFO] No attack launched; sleeping attack window ATTACK_DURATION=0
[2026-05-16 06:40:15] [run_experiment:baseline_no_attack] [INFO] Collector wait completed
[2026-05-16 06:40:16] [run_experiment:baseline_no_attack] [INFO] Run completed successfully
done: results/baseline_no_attack_20260516_063858
[2026-05-16 06:40:16] [INFO] Completed threshold tuning baseline
[2026-05-16 06:40:16] [INFO] Running core comparison suite
[2026-05-16 06:40:16] [INFO] Starting run: hping_attack_mit_off (duration 75s)
[2026-05-16 06:40:16] [INFO] Resetting controller state (mode=off)
[2026-05-16 06:40:17] [run_experiment:hping_attack_mit_off] [INFO] Starting run with PID=30575 duration=75 attack_delay=15
[2026-05-16 06:40:17] [run_experiment:hping_attack_mit_off] [INFO] Controller reset/config endpoints attempted
[2026-05-16 06:40:17] [run_experiment:hping_attack_mit_off] [INFO] Metrics collection phase starting
[2026-05-16 06:40:17] [run_experiment:hping_attack_mit_off] [INFO] Started remote iperf server helper pid=30593
[2026-05-16 06:40:18] [run_experiment:hping_attack_mit_off] [INFO] Started collector pid=30599
[2026-05-16 06:40:18] [run_experiment:hping_attack_mit_off] [INFO] Valid traffic launched (mode=both)
[2026-05-16 06:40:33] [run_experiment:hping_attack_mit_off] [INFO] attack_delay progress 15/15s
[2026-05-16 06:40:33] [run_experiment:hping_attack_mit_off] [INFO] Attack delay phase completed
[2026-05-16 06:40:51] [run_experiment:hping_attack_mit_off] [INFO] attack_window progress 15/45s
[2026-05-16 06:41:06] [run_experiment:hping_attack_mit_off] [INFO] attack_window progress 30/45s
[2026-05-16 06:41:21] [run_experiment:hping_attack_mit_off] [INFO] attack_window progress 45/45s
[2026-05-16 06:41:34] [run_experiment:hping_attack_mit_off] [INFO] Collector wait completed
[2026-05-16 06:41:35] [run_experiment:hping_attack_mit_off] [INFO] Run completed successfully
done: results/hping_attack_mit_off_20260516_064017
[2026-05-16 06:41:35] [INFO] Completed run: hping_attack_mit_off
[2026-05-16 06:41:35] [INFO] Starting run: hping_attack_mit_on (duration 75s)
[2026-05-16 06:41:35] [INFO] Resetting controller state (mode=on)
[2026-05-16 06:41:35] [run_experiment:hping_attack_mit_on] [INFO] Starting run with PID=30752 duration=75 attack_delay=15
[2026-05-16 06:41:36] [run_experiment:hping_attack_mit_on] [INFO] Controller reset/config endpoints attempted
[2026-05-16 06:41:36] [run_experiment:hping_attack_mit_on] [INFO] Metrics collection phase starting
[2026-05-16 06:41:36] [run_experiment:hping_attack_mit_on] [INFO] Started remote iperf server helper pid=30770
[2026-05-16 06:41:37] [run_experiment:hping_attack_mit_on] [INFO] Started collector pid=30776
[2026-05-16 06:41:37] [run_experiment:hping_attack_mit_on] [INFO] Valid traffic launched (mode=both)
[2026-05-16 06:41:52] [run_experiment:hping_attack_mit_on] [INFO] attack_delay progress 15/15s
[2026-05-16 06:41:52] [run_experiment:hping_attack_mit_on] [INFO] Attack delay phase completed
[2026-05-16 06:42:10] [run_experiment:hping_attack_mit_on] [INFO] attack_window progress 15/45s
[2026-05-16 06:42:25] [run_experiment:hping_attack_mit_on] [INFO] attack_window progress 30/45s
[2026-05-16 06:42:40] [run_experiment:hping_attack_mit_on] [INFO] attack_window progress 45/45s
[2026-05-16 06:42:53] [run_experiment:hping_attack_mit_on] [INFO] Collector wait completed
[2026-05-16 06:42:54] [run_experiment:hping_attack_mit_on] [INFO] Run completed successfully
done: results/hping_attack_mit_on_20260516_064135
[2026-05-16 06:42:54] [INFO] Completed run: hping_attack_mit_on
[2026-05-16 06:42:54] [INFO] Starting run: scapy_attack_mit_off (duration 75s)
[2026-05-16 06:42:54] [INFO] Resetting controller state (mode=off)
[2026-05-16 06:42:54] [run_experiment:scapy_attack_mit_off] [INFO] Starting run with PID=30928 duration=75 attack_delay=15
[2026-05-16 06:42:54] [run_experiment:scapy_attack_mit_off] [INFO] Controller reset/config endpoints attempted
[2026-05-16 06:42:55] [run_experiment:scapy_attack_mit_off] [INFO] Metrics collection phase starting
[2026-05-16 06:42:55] [run_experiment:scapy_attack_mit_off] [INFO] Started remote iperf server helper pid=30946
[2026-05-16 06:42:56] [run_experiment:scapy_attack_mit_off] [INFO] Started collector pid=30952
[2026-05-16 06:42:56] [run_experiment:scapy_attack_mit_off] [INFO] Valid traffic launched (mode=both)
[2026-05-16 06:43:11] [run_experiment:scapy_attack_mit_off] [INFO] attack_delay progress 15/15s
[2026-05-16 06:43:11] [run_experiment:scapy_attack_mit_off] [INFO] Attack delay phase completed
[2026-05-16 06:43:29] [run_experiment:scapy_attack_mit_off] [INFO] attack_window progress 15/45s
[2026-05-16 06:43:44] [run_experiment:scapy_attack_mit_off] [INFO] attack_window progress 30/45s
[2026-05-16 06:43:59] [run_experiment:scapy_attack_mit_off] [INFO] attack_window progress 45/45s
[2026-05-16 06:44:11] [run_experiment:scapy_attack_mit_off] [INFO] Collector wait completed
[2026-05-16 06:44:12] [run_experiment:scapy_attack_mit_off] [INFO] Run completed successfully
done: results/scapy_attack_mit_off_20260516_064254
[2026-05-16 06:44:13] [INFO] Completed run: scapy_attack_mit_off
[2026-05-16 06:44:13] [INFO] Starting run: scapy_attack_mit_on (duration 75s)
[2026-05-16 06:44:13] [INFO] Resetting controller state (mode=on)
[2026-05-16 06:44:13] [run_experiment:scapy_attack_mit_on] [INFO] Starting run with PID=31105 duration=75 attack_delay=15
[2026-05-16 06:44:13] [run_experiment:scapy_attack_mit_on] [INFO] Controller reset/config endpoints attempted
[2026-05-16 06:44:13] [run_experiment:scapy_attack_mit_on] [INFO] Metrics collection phase starting
[2026-05-16 06:44:13] [run_experiment:scapy_attack_mit_on] [INFO] Started remote iperf server helper pid=31123
[2026-05-16 06:44:14] [run_experiment:scapy_attack_mit_on] [INFO] Started collector pid=31129
[2026-05-16 06:44:15] [run_experiment:scapy_attack_mit_on] [INFO] Valid traffic launched (mode=both)
[2026-05-16 06:44:30] [run_experiment:scapy_attack_mit_on] [INFO] attack_delay progress 15/15s
[2026-05-16 06:44:30] [run_experiment:scapy_attack_mit_on] [INFO] Attack delay phase completed
[2026-05-16 06:44:47] [run_experiment:scapy_attack_mit_on] [INFO] attack_window progress 15/45s
[2026-05-16 06:45:02] [run_experiment:scapy_attack_mit_on] [INFO] attack_window progress 30/45s
[2026-05-16 06:45:17] [run_experiment:scapy_attack_mit_on] [INFO] attack_window progress 45/45s
[2026-05-16 06:45:30] [run_experiment:scapy_attack_mit_on] [INFO] Collector wait completed
[2026-05-16 06:45:31] [run_experiment:scapy_attack_mit_on] [INFO] Run completed successfully
done: results/scapy_attack_mit_on_20260516_064413
[2026-05-16 06:45:31] [INFO] Completed run: scapy_attack_mit_on
[2026-05-16 06:45:31] [INFO] Generating per-run plots
[WARN] matplotlib not available; wrote derived CSVs only
[WARN] matplotlib not available; wrote derived CSVs only
[WARN] matplotlib not available; wrote derived CSVs only
[WARN] matplotlib not available; wrote derived CSVs only
[WARN] matplotlib not available; wrote derived CSVs only
[WARN] matplotlib not available; wrote derived CSVs only
[WARN] matplotlib not available; wrote derived CSVs only
[WARN] matplotlib not available; wrote derived CSVs only
[WARN] matplotlib not available; wrote derived CSVs only
[WARN] matplotlib not available; wrote derived CSVs only
[2026-05-16 06:45:32] [INFO] Generating cross-run summary
[WARN] matplotlib not available; cross-run plots will be skipped
/users/viliang/Self_Healing_SDN_Controller/results/summary/cross_run_summary.csv
[ERROR] No rate_* runs with existing trusted RTT data found in /users/viliang/Self_Healing_SDN_Controller/results
[2026-05-16 06:45:32] [WARN] plot_rate_sweep_rtt.py failed; continuing (non-fatal)
[2026-05-16 06:45:32] [DONE] Full experiment suite complete
[2026-05-16 06:45:32] [DONE] Results directory: /users/viliang/Self_Healing_SDN_Controller/results
FINAL_RESULT=success
