experiment_start=2026-05-16T19:35:22-06:00
output_dir=results/size_256_scapy_mit_on_20260516_193522
attack_method=scapy
mitigation=on
[2026-05-16 19:35:22] [INFO] Starting run with PID=20775 duration=90 attack_delay=15
{
  "result": "success",
  "message": "counters and states reset"
}
{
  "result": "success",
  "message": "trust state cleared"
}
{
  "result": "success",
  "message": "mitigation ended",
  "manual_mitigation": false,
  "attack_detected": false,
  "mitigation_start_time": null,
  "trusted_sources": []
}
[2026-05-16 19:35:22] [INFO] Controller reset/config endpoints attempted
{
  "result": "success",
  "mitigation_enabled": true,
  "mitigation_active": false,
  "manual_mitigation": false,
  "attack_detected": false
}
{
  "result": "success",
  "message": "Packet-In threshold updated to 100"
}
[2026-05-16 19:35:22] [INFO] Metrics collection phase starting
[2026-05-16 19:35:22] [INFO] Started remote iperf server helper pid=20793
[2026-05-16 19:35:23] [INFO] Started collector pid=20799
valid_flows_started mode=both target=10.10.10.3
[2026-05-16 19:35:24] [INFO] Valid traffic launched (mode=both)
[2026-05-16 19:35:39] [INFO] attack_delay progress 15/15s
[2026-05-16 19:35:39] [INFO] Attack delay phase completed
attack_pid=20835 method=scapy
[2026-05-16 19:35:56] [INFO] attack_window progress 15/45s
[2026-05-16 19:36:11] [INFO] attack_window progress 30/45s
[2026-05-16 19:36:26] [INFO] attack_window progress 45/45s
[2026-05-16 19:36:58] [INFO] Collector wait completed
cleanup_done
experiment_end=2026-05-16T19:36:59-06:00
[2026-05-16 19:36:59] [INFO] Run completed successfully
