experiment_start=2026-05-16T22:30:46-06:00
output_dir=results/rate_800_scapy_mit_on_20260516_223046
attack_method=scapy
mitigation=on
[2026-05-16 22:30:46] [INFO] Starting run with PID=26678 duration=90 attack_delay=15
{
  "result": "success",
  "message": "counters and states reset"
}
{
  "result": "success",
  "message": "trust state cleared"
}
{
  "result": "success",
  "message": "mitigation ended",
  "manual_mitigation": false,
  "attack_detected": false,
  "mitigation_start_time": null,
  "trusted_sources": []
}
[2026-05-16 22:30:46] [INFO] Controller reset/config endpoints attempted
{
  "result": "success",
  "mitigation_enabled": true,
  "mitigation_active": false,
  "manual_mitigation": false,
  "attack_detected": false
}
{
  "result": "success",
  "message": "Packet-In threshold updated to 300"
}
[2026-05-16 22:30:46] [INFO] Metrics collection phase starting
[2026-05-16 22:30:46] [INFO] Started remote iperf server helper pid=26697
[2026-05-16 22:30:47] [INFO] Started collector pid=26704
valid_flows_started mode=both target=10.10.10.3
[2026-05-16 22:30:48] [INFO] Valid traffic launched (mode=both)
[2026-05-16 22:31:03] [INFO] attack_delay progress 15/15s
[2026-05-16 22:31:03] [INFO] Attack delay phase completed
attack_pid=26747 method=scapy
[2026-05-16 22:31:20] [INFO] attack_window progress 15/45s
[2026-05-16 22:31:35] [INFO] attack_window progress 30/45s
[2026-05-16 22:31:50] [INFO] attack_window progress 45/45s
[2026-05-16 22:32:22] [INFO] Collector wait completed
cleanup_done
experiment_end=2026-05-16T22:32:23-06:00
[2026-05-16 22:32:23] [INFO] Run completed successfully
