experiment_start=2026-05-16T06:42:54-06:00
output_dir=results/scapy_attack_mit_off_20260516_064254
attack_method=scapy
mitigation=off
[2026-05-16 06:42:54] [INFO] Starting run with PID=30928 duration=75 attack_delay=15
{
  "result": "success",
  "message": "counters and states reset"
}
{
  "result": "success",
  "message": "trust state cleared"
}
{
  "result": "success",
  "message": "mitigation ended",
  "manual_mitigation": false,
  "attack_detected": false,
  "mitigation_start_time": null,
  "trusted_sources": []
}
[2026-05-16 06:42:54] [INFO] Controller reset/config endpoints attempted
{
  "result": "success",
  "mitigation_enabled": false,
  "mitigation_active": false,
  "manual_mitigation": false,
  "attack_detected": false
}
{
  "result": "success",
  "message": "Packet-In threshold updated to 100"
}
[2026-05-16 06:42:55] [INFO] Metrics collection phase starting
[2026-05-16 06:42:55] [INFO] Started remote iperf server helper pid=30946
[2026-05-16 06:42:56] [INFO] Started collector pid=30952
valid_flows_started mode=both target=10.10.10.3
[2026-05-16 06:42:56] [INFO] Valid traffic launched (mode=both)
[2026-05-16 06:43:11] [INFO] attack_delay progress 15/15s
[2026-05-16 06:43:11] [INFO] Attack delay phase completed
attack_pid=30993 method=scapy
[2026-05-16 06:43:29] [INFO] attack_window progress 15/45s
[2026-05-16 06:43:44] [INFO] attack_window progress 30/45s
[2026-05-16 06:43:59] [INFO] attack_window progress 45/45s
[2026-05-16 06:44:11] [INFO] Collector wait completed
cleanup_done
experiment_end=2026-05-16T06:44:12-06:00
[2026-05-16 06:44:12] [INFO] Run completed successfully
