experiment_start=2026-05-16T19:23:57-06:00
output_dir=results/rate_900_scapy_mit_on_20260516_192357
attack_method=scapy
mitigation=on
[2026-05-16 19:23:57] [INFO] Starting run with PID=19644 duration=90 attack_delay=15
{
  "result": "success",
  "message": "counters and states reset"
}
{
  "result": "success",
  "message": "trust state cleared"
}
{
  "result": "success",
  "message": "mitigation ended",
  "manual_mitigation": false,
  "attack_detected": false,
  "mitigation_start_time": null,
  "trusted_sources": []
}
[2026-05-16 19:23:57] [INFO] Controller reset/config endpoints attempted
{
  "result": "success",
  "mitigation_enabled": true,
  "mitigation_active": false,
  "manual_mitigation": false,
  "attack_detected": false
}
{
  "result": "success",
  "message": "Packet-In threshold updated to 100"
}
[2026-05-16 19:23:57] [INFO] Metrics collection phase starting
[2026-05-16 19:23:57] [INFO] Started remote iperf server helper pid=19662
[2026-05-16 19:23:58] [INFO] Started collector pid=19668
valid_flows_started mode=both target=10.10.10.3
[2026-05-16 19:23:59] [INFO] Valid traffic launched (mode=both)
[2026-05-16 19:24:14] [INFO] attack_delay progress 15/15s
[2026-05-16 19:24:14] [INFO] Attack delay phase completed
attack_pid=19705 method=scapy
[2026-05-16 19:24:31] [INFO] attack_window progress 15/45s
[2026-05-16 19:24:46] [INFO] attack_window progress 30/45s
[2026-05-16 19:25:01] [INFO] attack_window progress 45/45s
[2026-05-16 19:25:34] [INFO] Collector wait completed
cleanup_done
experiment_end=2026-05-16T19:25:34-06:00
[2026-05-16 19:25:34] [INFO] Run completed successfully
