experiment_start=2026-05-16T22:25:52-06:00
output_dir=results/rate_100_scapy_mit_on_20260516_222552
attack_method=scapy
mitigation=on
[2026-05-16 22:25:52] [INFO] Starting run with PID=26149 duration=90 attack_delay=15
{
  "result": "success",
  "message": "counters and states reset"
}
{
  "result": "success",
  "message": "trust state cleared"
}
{
  "result": "success",
  "message": "mitigation ended",
  "manual_mitigation": false,
  "attack_detected": false,
  "mitigation_start_time": null,
  "trusted_sources": []
}
[2026-05-16 22:25:52] [INFO] Controller reset/config endpoints attempted
{
  "result": "success",
  "mitigation_enabled": true,
  "mitigation_active": false,
  "manual_mitigation": false,
  "attack_detected": false
}
{
  "result": "success",
  "message": "Packet-In threshold updated to 300"
}
[2026-05-16 22:25:52] [INFO] Metrics collection phase starting
[2026-05-16 22:25:52] [INFO] Started remote iperf server helper pid=26168
[2026-05-16 22:25:53] [INFO] Started collector pid=26174
valid_flows_started mode=both target=10.10.10.3
[2026-05-16 22:25:54] [INFO] Valid traffic launched (mode=both)
[2026-05-16 22:26:09] [INFO] attack_delay progress 15/15s
[2026-05-16 22:26:09] [INFO] Attack delay phase completed
attack_pid=26217 method=scapy
[2026-05-16 22:26:26] [INFO] attack_window progress 15/45s
[2026-05-16 22:26:41] [INFO] attack_window progress 30/45s
[2026-05-16 22:26:56] [INFO] attack_window progress 45/45s
[2026-05-16 22:27:29] [INFO] Collector wait completed
cleanup_done
experiment_end=2026-05-16T22:27:29-06:00
[2026-05-16 22:27:29] [INFO] Run completed successfully
