experiment_start=2026-05-16T06:44:13-06:00
output_dir=results/scapy_attack_mit_on_20260516_064413
attack_method=scapy
mitigation=on
[2026-05-16 06:44:13] [INFO] Starting run with PID=31105 duration=75 attack_delay=15
{
  "result": "success",
  "message": "counters and states reset"
}
{
  "result": "success",
  "message": "trust state cleared"
}
{
  "result": "success",
  "message": "mitigation ended",
  "manual_mitigation": false,
  "attack_detected": false,
  "mitigation_start_time": null,
  "trusted_sources": []
}
[2026-05-16 06:44:13] [INFO] Controller reset/config endpoints attempted
{
  "result": "success",
  "mitigation_enabled": true,
  "mitigation_active": false,
  "manual_mitigation": false,
  "attack_detected": false
}
{
  "result": "success",
  "message": "Packet-In threshold updated to 100"
}
[2026-05-16 06:44:13] [INFO] Metrics collection phase starting
[2026-05-16 06:44:13] [INFO] Started remote iperf server helper pid=31123
[2026-05-16 06:44:14] [INFO] Started collector pid=31129
valid_flows_started mode=both target=10.10.10.3
[2026-05-16 06:44:15] [INFO] Valid traffic launched (mode=both)
[2026-05-16 06:44:30] [INFO] attack_delay progress 15/15s
[2026-05-16 06:44:30] [INFO] Attack delay phase completed
attack_pid=31170 method=scapy
[2026-05-16 06:44:47] [INFO] attack_window progress 15/45s
[2026-05-16 06:45:02] [INFO] attack_window progress 30/45s
[2026-05-16 06:45:17] [INFO] attack_window progress 45/45s
[2026-05-16 06:45:30] [INFO] Collector wait completed
cleanup_done
experiment_end=2026-05-16T06:45:31-06:00
[2026-05-16 06:45:31] [INFO] Run completed successfully
