experiment_start=2026-05-16T06:40:17-06:00
output_dir=results/hping_attack_mit_off_20260516_064017
attack_method=hping3
mitigation=off
[2026-05-16 06:40:17] [INFO] Starting run with PID=30575 duration=75 attack_delay=15
{
  "result": "success",
  "message": "counters and states reset"
}
{
  "result": "success",
  "message": "trust state cleared"
}
{
  "result": "success",
  "message": "mitigation ended",
  "manual_mitigation": false,
  "attack_detected": false,
  "mitigation_start_time": null,
  "trusted_sources": []
}
[2026-05-16 06:40:17] [INFO] Controller reset/config endpoints attempted
{
  "result": "success",
  "mitigation_enabled": false,
  "mitigation_active": false,
  "manual_mitigation": false,
  "attack_detected": false
}
{
  "result": "success",
  "message": "Packet-In threshold updated to 100"
}
[2026-05-16 06:40:17] [INFO] Metrics collection phase starting
[2026-05-16 06:40:17] [INFO] Started remote iperf server helper pid=30593
[2026-05-16 06:40:18] [INFO] Started collector pid=30599
valid_flows_started mode=both target=10.10.10.3
[2026-05-16 06:40:18] [INFO] Valid traffic launched (mode=both)
[2026-05-16 06:40:33] [INFO] attack_delay progress 15/15s
[2026-05-16 06:40:33] [INFO] Attack delay phase completed
attack_pid=30641 method=hping3
[2026-05-16 06:40:51] [INFO] attack_window progress 15/45s
[2026-05-16 06:41:06] [INFO] attack_window progress 30/45s
[2026-05-16 06:41:21] [INFO] attack_window progress 45/45s
[2026-05-16 06:41:34] [INFO] Collector wait completed
cleanup_done
experiment_end=2026-05-16T06:41:35-06:00
[2026-05-16 06:41:35] [INFO] Run completed successfully
