------------------------------------------------------------
Client connecting to 10.10.10.3, TCP port 5001
TCP window size: 85.0 KByte (default)
------------------------------------------------------------
[  3] local 10.10.10.1 port 51310 connected with 10.10.10.3 port 5001
[ ID] Interval       Transfer     Bandwidth
[  3]  0.0- 1.0 sec  11.9 MBytes  99.6 Mbits/sec
[  3]  1.0- 2.0 sec  11.6 MBytes  97.5 Mbits/sec
[  3]  2.0- 3.0 sec  11.2 MBytes  94.4 Mbits/sec
[  3]  3.0- 4.0 sec  11.5 MBytes  96.5 Mbits/sec
[  3]  4.0- 5.0 sec  11.5 MBytes  96.5 Mbits/sec
[  3]  5.0- 6.0 sec  11.5 MBytes  96.5 Mbits/sec
[  3]  6.0- 7.0 sec  11.2 MBytes  94.4 Mbits/sec
[  3]  7.0- 8.0 sec  11.5 MBytes  96.5 Mbits/sec
[  3]  8.0- 9.0 sec  11.4 MBytes  95.4 Mbits/sec
[  3]  9.0-10.0 sec  11.5 MBytes  96.5 Mbits/sec
[  3] 10.0-11.0 sec  11.5 MBytes  96.5 Mbits/sec
[  3] 11.0-12.0 sec  11.1 MBytes  93.3 Mbits/sec
[  3] 12.0-13.0 sec  11.6 MBytes  97.5 Mbits/sec
[  3] 13.0-14.0 sec  11.5 MBytes  96.5 Mbits/sec
[  3] 14.0-15.0 sec  11.1 MBytes  93.3 Mbits/sec
[  3] 15.0-16.0 sec  3.50 MBytes  29.4 Mbits/sec
[  3] 16.0-17.0 sec   768 KBytes  6.29 Mbits/sec
[  3] 17.0-18.0 sec   640 KBytes  5.24 Mbits/sec
[  3] 18.0-19.0 sec   384 KBytes  3.15 Mbits/sec
[  3] 19.0-20.0 sec   384 KBytes  3.15 Mbits/sec
[  3] 20.0-21.0 sec   640 KBytes  5.24 Mbits/sec
[  3] 21.0-22.0 sec   384 KBytes  3.15 Mbits/sec
[  3] 22.0-23.0 sec   640 KBytes  5.24 Mbits/sec
[  3] 23.0-24.0 sec   384 KBytes  3.15 Mbits/sec
[  3] 24.0-25.0 sec   384 KBytes  3.15 Mbits/sec
[  3] 25.0-26.0 sec   384 KBytes  3.15 Mbits/sec
[  3] 26.0-27.0 sec  1.00 MBytes  8.39 Mbits/sec
[  3] 27.0-28.0 sec  0.00 Bytes  0.00 bits/sec
[  3] 28.0-29.0 sec   768 KBytes  6.29 Mbits/sec
[  3] 29.0-30.0 sec   256 KBytes  2.10 Mbits/sec
[  3] 30.0-31.0 sec   384 KBytes  3.15 Mbits/sec
[  3] 31.0-32.0 sec   768 KBytes  6.29 Mbits/sec
[  3] 32.0-33.0 sec   384 KBytes  3.15 Mbits/sec
[  3] 33.0-34.0 sec   384 KBytes  3.15 Mbits/sec
[  3] 34.0-35.0 sec   768 KBytes  6.29 Mbits/sec
[  3] 35.0-36.0 sec  1.00 MBytes  8.39 Mbits/sec
[  3] 36.0-37.0 sec   768 KBytes  6.29 Mbits/sec
[  3] 37.0-38.0 sec   768 KBytes  6.29 Mbits/sec
[  3] 38.0-39.0 sec   256 KBytes  2.10 Mbits/sec
[  3] 39.0-40.0 sec  1.50 MBytes  12.6 Mbits/sec
[  3] 40.0-41.0 sec  1.75 MBytes  14.7 Mbits/sec
[  3] 41.0-42.0 sec  1.38 MBytes  11.5 Mbits/sec
[  3] 42.0-43.0 sec  2.62 MBytes  22.0 Mbits/sec
[  3] 43.0-44.0 sec   384 KBytes  3.15 Mbits/sec
[  3] 44.0-45.0 sec  1.12 MBytes  9.44 Mbits/sec
[  3] 45.0-46.0 sec   384 KBytes  3.15 Mbits/sec
[  3] 46.0-47.0 sec  1.25 MBytes  10.5 Mbits/sec
[  3] 47.0-48.0 sec  2.50 MBytes  21.0 Mbits/sec
[  3] 48.0-49.0 sec  1.12 MBytes  9.44 Mbits/sec
[  3] 49.0-50.0 sec  1.38 MBytes  11.5 Mbits/sec
[  3] 50.0-51.0 sec  2.88 MBytes  24.1 Mbits/sec
[  3] 51.0-52.0 sec  1.88 MBytes  15.7 Mbits/sec
[  3] 52.0-53.0 sec  1.50 MBytes  12.6 Mbits/sec
[  3] 53.0-54.0 sec   384 KBytes  3.15 Mbits/sec
[  3] 54.0-55.0 sec   384 KBytes  3.15 Mbits/sec
[  3] 55.0-56.0 sec   768 KBytes  6.29 Mbits/sec
[  3] 56.0-57.0 sec  2.88 MBytes  24.1 Mbits/sec
[  3] 57.0-58.0 sec  1.38 MBytes  11.5 Mbits/sec
[  3] 58.0-59.0 sec   768 KBytes  6.29 Mbits/sec
[  3] 59.0-60.0 sec  1.00 MBytes  8.39 Mbits/sec
[  3] 60.0-61.0 sec  7.50 MBytes  62.9 Mbits/sec
[  3] 61.0-62.0 sec  7.12 MBytes  59.8 Mbits/sec
[  3] 62.0-63.0 sec  6.75 MBytes  56.6 Mbits/sec
[  3] 63.0-64.0 sec  7.25 MBytes  60.8 Mbits/sec
[  3] 64.0-65.0 sec  7.12 MBytes  59.8 Mbits/sec
[  3] 65.0-66.0 sec  6.62 MBytes  55.6 Mbits/sec
[  3] 66.0-67.0 sec  6.38 MBytes  53.5 Mbits/sec
[  3] 67.0-68.0 sec  6.00 MBytes  50.3 Mbits/sec
[  3] 68.0-69.0 sec  6.38 MBytes  53.5 Mbits/sec
[  3] 69.0-70.0 sec  7.88 MBytes  66.1 Mbits/sec
[  3] 70.0-71.0 sec  7.50 MBytes  62.9 Mbits/sec
[  3] 71.0-72.0 sec  7.50 MBytes  62.9 Mbits/sec
[  3] 72.0-73.0 sec  7.88 MBytes  66.1 Mbits/sec
[  3] 73.0-74.0 sec  7.50 MBytes  62.9 Mbits/sec
[  3] 74.0-75.0 sec  8.75 MBytes  73.4 Mbits/sec
[  3]  0.0-75.0 sec   325 MBytes  36.3 Mbits/sec
