[2026-05-16 03:30:38] [run_experiment:hping_attack_mit_off] [INFO] Starting run with PID=26602 duration=75 attack_delay=0
[2026-05-16 03:30:38] [run_experiment:hping_attack_mit_off] [INFO] Controller reset/config endpoints attempted
[2026-05-16 03:30:38] [run_experiment:hping_attack_mit_off] [INFO] Metrics collection phase starting
[2026-05-16 03:30:38] [run_experiment:hping_attack_mit_off] [INFO] Started remote iperf server helper pid=26620
[2026-05-16 03:30:39] [run_experiment:hping_attack_mit_off] [INFO] Started collector pid=26628
[2026-05-16 03:30:40] [run_experiment:hping_attack_mit_off] [INFO] Valid traffic launched (mode=both)
[2026-05-16 03:30:40] [run_experiment:hping_attack_mit_off] [INFO] Attack delay phase completed
[2026-05-16 03:30:55] [run_experiment:hping_attack_mit_off] [INFO] attack_window progress 15/60s
[2026-05-16 03:31:10] [run_experiment:hping_attack_mit_off] [INFO] attack_window progress 30/60s
[2026-05-16 03:31:25] [run_experiment:hping_attack_mit_off] [INFO] attack_window progress 45/60s
[2026-05-16 03:31:40] [run_experiment:hping_attack_mit_off] [INFO] attack_window progress 60/60s
[2026-05-16 03:31:55] [run_experiment:hping_attack_mit_off] [INFO] Collector wait completed
[2026-05-16 03:31:56] [run_experiment:hping_attack_mit_off] [INFO] Run completed successfully
done: results/hping_attack_mit_off_20260516_033038
[2026-05-16 06:40:17] [run_experiment:hping_attack_mit_off] [INFO] Starting run with PID=30575 duration=75 attack_delay=15
[2026-05-16 06:40:17] [run_experiment:hping_attack_mit_off] [INFO] Controller reset/config endpoints attempted
[2026-05-16 06:40:17] [run_experiment:hping_attack_mit_off] [INFO] Metrics collection phase starting
[2026-05-16 06:40:17] [run_experiment:hping_attack_mit_off] [INFO] Started remote iperf server helper pid=30593
[2026-05-16 06:40:18] [run_experiment:hping_attack_mit_off] [INFO] Started collector pid=30599
[2026-05-16 06:40:18] [run_experiment:hping_attack_mit_off] [INFO] Valid traffic launched (mode=both)
[2026-05-16 06:40:33] [run_experiment:hping_attack_mit_off] [INFO] attack_delay progress 15/15s
[2026-05-16 06:40:33] [run_experiment:hping_attack_mit_off] [INFO] Attack delay phase completed
[2026-05-16 06:40:51] [run_experiment:hping_attack_mit_off] [INFO] attack_window progress 15/45s
[2026-05-16 06:41:06] [run_experiment:hping_attack_mit_off] [INFO] attack_window progress 30/45s
[2026-05-16 06:41:21] [run_experiment:hping_attack_mit_off] [INFO] attack_window progress 45/45s
[2026-05-16 06:41:34] [run_experiment:hping_attack_mit_off] [INFO] Collector wait completed
[2026-05-16 06:41:35] [run_experiment:hping_attack_mit_off] [INFO] Run completed successfully
done: results/hping_attack_mit_off_20260516_064017
